
> cryptoapp@1.0.0 build
> tsc && vite build

src/components/AdminLayout.tsx(4,5): error TS6133: 'BarChart2' is declared but its value is never read.
src/pages/AdminConfig.tsx(2,55): error TS6133: 'Unlock' is declared but its value is never read.
src/pages/AdminConfig.tsx(22,12): error TS6133: 'configs' is declared but its value is never read.
src/pages/AdminConfig.tsx(67,100): error TS2339: Property 'withdrawalsEnabled' does not exist on type '{ tradingEnabled: boolean; lastUpdated: string; }'.
src/pages/AdminDashboard.tsx(3,17): error TS6133: 'TrendingDown' is declared but its value is never read.
src/pages/AdminDashboard.tsx(4,28): error TS6133: 'CheckCircle' is declared but its value is never read.
src/pages/AdminDashboard.tsx(131,11): error TS6133: 'usdtBalance' is declared but its value is never read.
src/pages/AdminSettings.tsx(41,36): error TS2554: Expected 1 arguments, but got 0.
src/pages/AdminTrades.tsx(2,10): error TS6133: 'Search' is declared but its value is never read.
src/pages/AdminTrades.tsx(2,54): error TS6133: 'AlertTriangle' is declared but its value is never read.
src/pages/AdminTrades.tsx(44,12): error TS6133: 'search' is declared but its value is never read.
src/pages/AdminTrades.tsx(44,20): error TS6133: 'setSearch' is declared but its value is never read.
src/pages/AdminTransactions.tsx(2,32): error TS6133: 'Clock' is declared but its value is never read.
src/pages/AdminTransactions.tsx(2,39): error TS6133: 'ChevronLeft' is declared but its value is never read.
src/pages/AdminTransactions.tsx(2,52): error TS6133: 'ChevronRight' is declared but its value is never read.
src/pages/AdminTransactions.tsx(5,1): error TS6133: 'ConfirmModal' is declared but its value is never read.
src/pages/AdminTransactions.tsx(18,12): error TS6133: 'history' is declared but its value is never read.
src/pages/AdminTransactions.tsx(18,21): error TS6133: 'setHistory' is declared but its value is never read.
src/pages/AdminUsers.tsx(5,1): error TS6133: 'ConfirmModal' is declared but its value is never read.
src/pages/AdminUsers.tsx(24,32): error TS2551: Property 'adjustUserBalance' does not exist on type '{ getDashboardMetrics(): Promise<DashboardMetrics>; getPlatformStats(period?: "24h" | "7d" | "30d" | undefined): Promise<PlatformStats>; ... 40 more ...; getAuditLogs(params?: { ...; } | undefined): Promise<...>; }'. Did you mean 'adjustBalance'?
src/pages/AdminUsers.tsx(87,11): error TS6133: 'usdtWallet' is declared but its value is never read.
src/pages/AdminUsers.tsx(88,11): error TS6133: 'otherWallets' is declared but its value is never read.
